// Jest Snapshot v1, https://goo.gl/fbAQLP

exports[`Controls component renders Controls component 1`] = `
<DocumentFragment>
  <div>
    <form>
      <label
        for="url"
      >
        URL
      </label>
      <input
        id="url"
        name="url"
        type="text"
        value="https://anapioficeandfire.com/api/characters/583"
      />
      <section>
        <div>
          <label
            for="post"
          >
            POST
          </label>
          <input
            id="post"
            name="method"
            type="radio"
            value="POST"
          />
          <label
            for="get"
          >
            GET
          </label>
          <input
            checked=""
            id="get"
            name="method"
            type="radio"
            value="GET"
          />
          <label
            for="put"
          >
            PUT
          </label>
          <input
            id="put"
            name="method"
            type="radio"
            value="PUT"
          />
          <label
            for="patch"
          >
            PATCH
          </label>
          <input
            id="patch"
            name="method"
            type="radio"
            value="PATCH"
          />
          <label
            for="delete"
          >
            DELETE
          </label>
          <input
            id="delete"
            name="method"
            type="radio"
            value="DELETE"
          />
        </div>
        <button>
          Submit
        </button>
      </section>
      <textarea
        name="body"
        placeholder="Raw JSON Body"
      />
    </form>
  </div>
</DocumentFragment>
`;
